**********************
Windows PowerShell transcript start
Start time: 20260730165321
Username: REDBULL\olegk
RunAs User: REDBULL\olegk
Configuration Name: 
Machine: REDBULL (Microsoft Windows NT 10.0.26200.0)
Host Application: C:\WINDOWS\System32\WindowsPowerShell\v1.0\powershell.exe
Process ID: 11448
PSVersion: 5.1.26100.8875
PSEdition: Desktop
PSCompatibleVersions: 1.0, 2.0, 3.0, 4.0, 5.0, 5.1.26100.8875
BuildVersion: 10.0.26100.8875
CLRVersion: 4.0.30319.42000
WSManStackVersion: 3.0
PSRemotingProtocolVersion: 2.3
SerializationVersion: 1.1.0.1
**********************
Transcript started, output file is C:\Users\olegk\Desktop\multimodal-hte-breast-cancer\results\logs\stage16_outcome_augmentation_audit_20260730_165321.log
Stage 16 transcript: C:\Users\olegk\Desktop\multimodal-hte-breast-cancer\results\logs\stage16_outcome_augmentation_audit_20260730_165321.log
The publication bootstrap is NOT started.
All outcome-model variants use the same landmark cohort, folds, propensity scores, censoring model, and IPCW-RMST pseudo-outcome.
########################################################################################################################
RUNNING scripts\61_stage16_preflight.py
########################################################################################################################
======================================================================================================================
STAGE 61 — STAGE 16 PREFLIGHT
======================================================================================================================
                         item  found                                                 path
                            sha256
             stage15_decision   True               results\tables\59_stage15_decision.csv b2e778b66887267fe3ce41b7fe664a
1bc5da8142b3e565c20ff54af4b426d50f
               stage15_bridge   True results\tables\57_common_target_estimator_bridge.csv 7ffc723f9106730765d20743ba6d2d
57bc29aa45b0c423fb3193726b077f519b
   stage15_bridge_diagnostics   True             results\tables\57_bridge_diagnostics.csv 02d2ac003a1f7be88fc1ce9100f52b
419cecc61cdf70fcae00e3a223ab08a50d
                stage12_utils   True                            scripts\_stage12_utils.py 940a156cb13aa353eeeff4143816ac
87d9a8c288d5cf52b7c58d7617942e73ee
               stage41_script   True                   scripts\41_replicate_estimators.py e26fe2ccbfc9567f529fc40884b620
e1c91339b7d9a4edb4bcb0f7819dc62869
landmark_cohort_sample_source   True       data\derived\stage14_trace\53_candidate_06.csv a01d6cc3d9e932a68e4c2763f42d24
c207ac095eba8b5e9ec1d434cae5f79a47

Exact reconstruction checks
                 check   observed   expected  pass
   all_required_inputs   6.000000   6.000000  True
            landmark_n 559.000000 559.000000  True
               treated 194.000000 194.000000  True
              controls 365.000000 365.000000  True
                events  50.000000  50.000000  True
      compact_features  13.000000  13.000000  True
exact_aipw_replication  28.773173  28.773173  True

Status: STAGE16_PREFLIGHT_PASSED
########################################################################################################################
RUNNING scripts\62_decompose_exact_landmark_aipw.py
########################################################################################################################

########################################################################################################################
RUNNING scripts\63_outcome_model_robustness.py
########################################################################################################################

########################################################################################################################
RUNNING scripts\64_fold_and_influence_stability.py
########################################################################################################################

########################################################################################################################
RUNNING scripts\65_generate_stage16_decision.py
########################################################################################################################

########################################################################################################################
STAGE 16 COMPLETED
########################################################################################################################
Review:
results\tables\62_exact_landmark_aipw_decomposition.csv
results\tables\63_outcome_model_robustness.csv
results\tables\63_outcome_model_calibration.csv
results\tables\64_fold_stability_summary.csv
results\tables\65_stage16_decision.md
Full transcript: C:\Users\olegk\Desktop\multimodal-hte-breast-cancer\results\logs\stage16_outcome_augmentation_audit_20260730_165321.log
**********************
Windows PowerShell transcript end
End time: 20260730165341
**********************
